
Memory Configuration

Name             Origin             Length             Attributes
FLASH            0x08000000         0x00010000         xr
RESULT_SRAM      0x20000000         0x00000004         xrw
SRAM             0x20000004         0x00004ffc         xrw
*default*        0x00000000         0xffffffff

Linker script and memory map


.text           0x08000000      0x794
 *(.isr_vector)
 .isr_vector    0x08000000      0x188 ../output/gpio_TS_001/env.o
                0x08000000                vectors
 *(.text)
 .text          0x08000188       0xf8 ../output/gpio_TS_001/gpio.o
                0x08000188                gpio_initPB10
                0x080001cc                gpio_initPB11
                0x08000210                gpio_SetPinPB10
                0x0800022c                gpio_ResetPinPB10
                0x08000248                gpio_SetPinPB11
                0x08000264                gpio_ResetPinPB11
 .text          0x08000280        0xe ../output/gpio_TS_001/gpio_TS_001.o
                0x08000280                main
 .text          0x0800028e       0x24 ../output/gpio_TS_001/gpio_TC_001.o
                0x0800028e                gpio_TC_001
 *fill*         0x080002b2        0x2 
 .text          0x080002b4      0x4a0 ../output/gpio_TS_001/env.o
                0x080002b4                Reset_Handler
                0x08000338                Default_Handler
                0x0800033e                NMI_Handler
                0x08000344                HardFault_Handler
                0x0800034a                MemManage_Handler
                0x08000350                BusFault_Handler
                0x08000356                UsageFault_Handler
                0x0800035c                SVC_Handler
                0x08000362                DebugMon_Handler
                0x08000368                PendSV_Handler
                0x0800036e                SysTick_Handler
                0x0800037a                WWDG_IRQHandler
                0x08000386                PVD_IRQHandler
                0x08000392                TAMP_STAMP_IRQHandler
                0x0800039e                RTC_WKUP_IRQHandler
                0x080003aa                FLASH_IRQHandler
                0x080003b6                RCC_IRQHandler
                0x080003c2                EXTI0_IRQHandler
                0x080003ce                EXTI1_IRQHandler
                0x080003da                EXTI2_IRQHandler
                0x080003e6                EXTI3_IRQHandler
                0x080003f2                EXTI4_IRQHandler
                0x080003fe                DMA1_Stream0_IRQHandler
                0x0800040a                DMA1_Stream1_IRQHandler
                0x08000416                DMA1_Stream2_IRQHandler
                0x08000422                DMA1_Stream3_IRQHandler
                0x0800042e                DMA1_Stream4_IRQHandler
                0x0800043a                DMA1_Stream5_IRQHandler
                0x08000446                DMA1_Stream6_IRQHandler
                0x08000452                ADC_IRQHandler
                0x0800045e                CAN1_TX_IRQHandler
                0x0800046a                CAN1_RX0_IRQHandler
                0x08000476                CAN1_RX1_IRQHandler
                0x08000482                CAN1_SCE_IRQHandler
                0x0800048e                EXTI9_5_IRQHandler
                0x0800049a                TIM1_BRK_TIM9_IRQHandler
                0x080004a6                TIM1_UP_TIM10_IRQHandler
                0x080004b2                TIM1_TRG_COM_TIM11_IRQHandler
                0x080004be                TIM1_CC_IRQHandler
                0x080004ca                TIM2_IRQHandler
                0x080004d6                TIM3_IRQHandler
                0x080004e2                TIM4_IRQHandler
                0x080004ee                I2C1_EV_IRQHandler
                0x080004fa                I2C1_ER_IRQHandler
                0x08000506                I2C2_EV_IRQHandler
                0x08000512                I2C2_ER_IRQHandler
                0x0800051e                SPI1_IRQHandler
                0x0800052a                SPI2_IRQHandler
                0x08000536                USART1_IRQHandler
                0x08000542                USART2_IRQHandler
                0x0800054e                USART3_IRQHandler
                0x0800055a                EXTI15_10_IRQHandler
                0x08000566                RTC_Alarm_IRQHandler
                0x08000572                OTG_FS_WKUP_IRQHandler
                0x0800057e                TIM8_BRK_TIM12_IRQHandler
                0x0800058a                TIM8_UP_TIM13_IRQHandler
                0x08000596                TIM8_TRG_COM_TIM14_IRQHandler
                0x080005a2                TIM8_CC_IRQHandler
                0x080005ae                DMA1_Stream7_IRQHandler
                0x080005ba                FSMC_IRQHandler
                0x080005c6                SDIO_IRQHandler
                0x080005d2                TIM5_IRQHandler
                0x080005de                SPI3_IRQHandler
                0x080005ea                UART4_IRQHandler
                0x080005f6                UART5_IRQHandler
                0x08000602                TIM6_DAC_IRQHandler
                0x0800060e                TIM7_IRQHandler
                0x0800061a                DMA2_Stream0_IRQHandler
                0x08000626                DMA2_Stream1_IRQHandler
                0x08000632                DMA2_Stream2_IRQHandler
                0x0800063e                DMA2_Stream3_IRQHandler
                0x0800064a                DMA2_Stream4_IRQHandler
                0x08000656                ETH_IRQHandler
                0x08000662                ETH_WKUP_IRQHandler
                0x0800066e                CAN2_TX_IRQHandler
                0x0800067a                CAN2_RX0_IRQHandler
                0x08000686                CAN2_RX1_IRQHandler
                0x08000692                CAN2_SCE_IRQHandler
                0x0800069e                OTG_FS_IRQHandler
                0x080006aa                DMA2_Stream5_IRQHandler
                0x080006b6                DMA2_Stream6_IRQHandler
                0x080006c2                DMA2_Stream7_IRQHandler
                0x080006ce                USART6_IRQHandler
                0x080006da                I2C3_EV_IRQHandler
                0x080006e6                I2C3_ER_IRQHandler
                0x080006f2                OTG_HS_EP1_OUT_IRQHandler
                0x080006fe                OTG_HS_EP1_IN_IRQHandler
                0x0800070a                OTG_HS_WKUP_IRQHandler
                0x08000716                OTG_HS_IRQHandler
                0x08000722                DCMI_IRQHandler
                0x0800072e                CRYP_IRQHandler
                0x0800073a                HASH_RNG_IRQHandler
                0x08000746                FPU_IRQHandler
 .text          0x08000754       0x40 ../output/gpio_TS_001/result.o
                0x08000754                CHECK_RESULT
                0x0800077c                RESET_RESULT
 *(.rodata)
                0x08000794                . = ALIGN (0x4)
                0x08000794                _etext = .
                0x08000794                _la_data = LOADADDR (.data)

.glue_7         0x08000794        0x0
 .glue_7        0x08000794        0x0 linker stubs

.glue_7t        0x08000794        0x0
 .glue_7t       0x08000794        0x0 linker stubs

.vfp11_veneer   0x08000794        0x0
 .vfp11_veneer  0x08000794        0x0 linker stubs

.v4_bx          0x08000794        0x0
 .v4_bx         0x08000794        0x0 linker stubs

.iplt           0x08000794        0x0
 .iplt          0x08000794        0x0 ../output/gpio_TS_001/gpio_TS_001.o

.rel.dyn        0x08000794        0x0
 .rel.iplt      0x08000794        0x0 ../output/gpio_TS_001/gpio_TS_001.o

.data           0x20000004        0x0 load address 0x08000794
                0x20000004                _sdata = .
 *(.data)
 .data          0x20000004        0x0 ../output/gpio_TS_001/gpio.o
 .data          0x20000004        0x0 ../output/gpio_TS_001/gpio_TS_001.o
 .data          0x20000004        0x0 ../output/gpio_TS_001/gpio_TC_001.o
 .data          0x20000004        0x0 ../output/gpio_TS_001/env.o
 .data          0x20000004        0x0 ../output/gpio_TS_001/result.o
                0x20000004                . = ALIGN (0x4)
                0x20000004                _edata = .

.igot.plt       0x20000004        0x0 load address 0x08000794
 .igot.plt      0x20000004        0x0 ../output/gpio_TS_001/gpio_TS_001.o

.bss            0x20000004        0x0 load address 0x08000794
                0x20000004                _sbss = .
 *(.bss)
 .bss           0x20000004        0x0 ../output/gpio_TS_001/gpio.o
 .bss           0x20000004        0x0 ../output/gpio_TS_001/gpio_TS_001.o
 .bss           0x20000004        0x0 ../output/gpio_TS_001/gpio_TC_001.o
 .bss           0x20000004        0x0 ../output/gpio_TS_001/env.o
 .bss           0x20000004        0x0 ../output/gpio_TS_001/result.o
                0x20000004                . = ALIGN (0x4)
                0x20000004                _ebss = .

.result         0x20000000        0x4
 *(.result)
 .result        0x20000000        0x4 ../output/gpio_TS_001/result.o
                0x20000000                u32Result
LOAD ../output/gpio_TS_001/gpio.o
LOAD ../output/gpio_TS_001/gpio_TS_001.o
LOAD ../output/gpio_TS_001/gpio_TC_001.o
LOAD ../output/gpio_TS_001/env.o
LOAD ../output/gpio_TS_001/result.o
OUTPUT(../output/gpio_TS_001/gpio.elf elf32-littlearm)
LOAD linker stubs

.debug_info     0x00000000      0xb99
 .debug_info    0x00000000      0x212 ../output/gpio_TS_001/gpio.o
 .debug_info    0x00000212       0x43 ../output/gpio_TS_001/gpio_TS_001.o
 .debug_info    0x00000255       0x7e ../output/gpio_TS_001/gpio_TC_001.o
 .debug_info    0x000002d3      0x848 ../output/gpio_TS_001/env.o
 .debug_info    0x00000b1b       0x7e ../output/gpio_TS_001/result.o

.debug_abbrev   0x00000000      0x290
 .debug_abbrev  0x00000000       0x9a ../output/gpio_TS_001/gpio.o
 .debug_abbrev  0x0000009a       0x3b ../output/gpio_TS_001/gpio_TS_001.o
 .debug_abbrev  0x000000d5       0x44 ../output/gpio_TS_001/gpio_TC_001.o
 .debug_abbrev  0x00000119      0x100 ../output/gpio_TS_001/env.o
 .debug_abbrev  0x00000219       0x77 ../output/gpio_TS_001/result.o

.debug_aranges  0x00000000       0xa0
 .debug_aranges
                0x00000000       0x20 ../output/gpio_TS_001/gpio.o
 .debug_aranges
                0x00000020       0x20 ../output/gpio_TS_001/gpio_TS_001.o
 .debug_aranges
                0x00000040       0x20 ../output/gpio_TS_001/gpio_TC_001.o
 .debug_aranges
                0x00000060       0x20 ../output/gpio_TS_001/env.o
 .debug_aranges
                0x00000080       0x20 ../output/gpio_TS_001/result.o

.debug_line     0x00000000      0x5a1
 .debug_line    0x00000000      0x107 ../output/gpio_TS_001/gpio.o
 .debug_line    0x00000107       0x75 ../output/gpio_TS_001/gpio_TS_001.o
 .debug_line    0x0000017c       0x79 ../output/gpio_TS_001/gpio_TC_001.o
 .debug_line    0x000001f5      0x35b ../output/gpio_TS_001/env.o
 .debug_line    0x00000550       0x51 ../output/gpio_TS_001/result.o

.debug_str      0x00000000      0x9f0
 .debug_str     0x00000000      0x1c3 ../output/gpio_TS_001/gpio.o
                                0x200 (size before relaxing)
 .debug_str     0x000001c3       0x43 ../output/gpio_TS_001/gpio_TS_001.o
                                 0xd8 (size before relaxing)
 .debug_str     0x00000206       0x49 ../output/gpio_TS_001/gpio_TC_001.o
                                0x162 (size before relaxing)
 .debug_str     0x0000024f      0x76b ../output/gpio_TS_001/env.o
                                0x8a0 (size before relaxing)
 .debug_str     0x000009ba       0x36 ../output/gpio_TS_001/result.o
                                 0xcb (size before relaxing)

.comment        0x00000000       0x49
 .comment       0x00000000       0x49 ../output/gpio_TS_001/gpio.o
                                 0x4a (size before relaxing)
 .comment       0x00000049       0x4a ../output/gpio_TS_001/gpio_TS_001.o
 .comment       0x00000049       0x4a ../output/gpio_TS_001/gpio_TC_001.o
 .comment       0x00000049       0x4a ../output/gpio_TS_001/env.o
 .comment       0x00000049       0x4a ../output/gpio_TS_001/result.o

.ARM.attributes
                0x00000000       0x2d
 .ARM.attributes
                0x00000000       0x2d ../output/gpio_TS_001/gpio.o
 .ARM.attributes
                0x0000002d       0x2d ../output/gpio_TS_001/gpio_TS_001.o
 .ARM.attributes
                0x0000005a       0x2d ../output/gpio_TS_001/gpio_TC_001.o
 .ARM.attributes
                0x00000087       0x2d ../output/gpio_TS_001/env.o
 .ARM.attributes
                0x000000b4       0x2d ../output/gpio_TS_001/result.o

.debug_frame    0x00000000      0xcec
 .debug_frame   0x00000000       0xd0 ../output/gpio_TS_001/gpio.o
 .debug_frame   0x000000d0       0x2c ../output/gpio_TS_001/gpio_TS_001.o
 .debug_frame   0x000000fc       0x2c ../output/gpio_TS_001/gpio_TC_001.o
 .debug_frame   0x00000128      0xb6c ../output/gpio_TS_001/env.o
 .debug_frame   0x00000c94       0x58 ../output/gpio_TS_001/result.o
